Microchip MPLAB XC8 Compiler V2.50

Linker command line:

-W-3 --edf=E:\Microchip\xc8\v2.50\pic\dat\20240725155939_en.msgs -cn \
  -h+dist/default/production\RELOJ_LCD.X.production.sym \
  --cmf=dist/default/production\RELOJ_LCD.X.production.cmf -z -Q16F877A \
  -oC:\Users\FAMILI~1\AppData\Local\Temp\xcDs204.3\driver_tmp_3.o \
  --defsym=__MPLAB_BUILD=1 --fixupoverflow=error \
  -Mdist/default/production/RELOJ_LCD.X.production.map \
  --md=C:\Users\FAMILI~1\AppData\Local\Temp\xcDs204.3\driver_tmp_0.dat -E1 \
  -ver=XC8 Compiler --acfsm=1493 -ACODE=00h-07FFhx4 -ASTRCODE=00h-01FFFh \
  -ASTRING=00h-0FFhx32 -ACONST=00h-0FFhx32 -AENTRY=00h-0FFhx32 \
  -ACOMMON=070h-07Fh -ABANK0=020h-06Fh -ABANK1=0A0h-0EFh \
  -ABANK2=0110h-016Fh -ABANK3=0190h-01EFh \
  -ARAM=020h-06Fh,0A0h-0EFh,0110h-016Fh,0190h-01EFh \
  -AABS1=020h-07Fh,0A0h-0EFh,0110h-016Fh,0190h-01EFh -ASFR0=00h-01Fh \
  -ASFR1=080h-09Fh -ASFR2=0100h-010Fh -ASFR3=0180h-018Fh \
  -ACONFIG=02007h-02007h -DCONFIG=2 -AIDLOC=02000h-02003h -DIDLOC=2 \
  -AEEDATA=00h-0FFh/02100h -peeprom_data=EEDATA -DEEDATA=2 -DCODE=2 \
  -DSTRCODE=2 -DSTRING=2 -DCONST=2 -DENTRY=2 \
  -preset_vec=00h,intentry,sivt,init,end_init -ppowerup=CODE -pcinit=CODE \
  -pfunctab=ENTRY -k \
  C:\Users\FAMILI~1\AppData\Local\Temp\xcDs204.3\driver_tmp_12.o \
  dist/default/production\RELOJ_LCD.X.production.o 

Object code version is 3.11

Machine type is 16F877A



                Name                               Link     Load   Length Selector   Space Scale
C:\Users\FAMILI~1\AppData\Local\Temp\xcDs204.3\driver_tmp_12.o
                end_init                              0        0        3        0       0
                config                             2007     2007        1        0       4
                idloc                              2000     2000        4        0       5
dist/default/production\RELOJ_LCD.X.production.o
                cinit                               7EB      7EB       15      FD6       0
                config                             2007     2007        1        0       4
                idloc                              2000     2000        4        0       5
                text29                              1E8      1E8       63      3D0       0
                text28                              E41      E41       13     1C82       0
                text27                              F29      F29       41     1E52       0
                text26                               D3       D3       57      1A6       0
                text25                               92       92       41      124       0
                text24                              E54      E54       18     1CA8       0
                text23                              DDD      DDD        B     1BBA       0
                text22                              E6C      E6C       18     1CD8       0
                text21                              188      188       60      310       0
                text20                              E84      E84       1A     1D08       0
                text19                              24B      24B       77      496       0
                text18                              E2F      E2F       12     1C5E       0
                text17                              DF3      DF3        E     1BE6       0
                text16                              E9E      E9E       24     1D3C       0
                text15                              E01      E01        E     1C02       0
                text14                              33A      33A       7C      674       0
                text13                              564      564      13E      AC8       0
                text12                              DE8      DE8        B     1BD0       0
                text11                              6A2      6A2      149      D44       0
                text10                              4CD      4CD       97      99A       0
                text9                               E0F      E0F       10     1C1E       0
                text8                               E1F      E1F       10     1C3E       0
                text7                               12A      12A       5E      254       0
                text6                               EC2      EC2       2A     1D84       0
                text5                               EEC      EEC       3D     1DD8       0
                text4                               437      437       96      86E       0
                text3                               F6A      F6A       4B     1ED4       0
                text2                               FB5      FB5       4B     1F6A       0
                text1                               2C2      2C2       78      584       0
                maintext                            3B6      3B6       81      76C       0
                cstackBANK0                          61       61        F       20       1
                cstackCOMMON                         70       70        E       70       1
                clrtext                             DD5      DD5        8     1BAA       0
                bssBANK1                             A0       A0       18       A0       1
                bssBANK0                             20       20       41       20       1
                strings                               3        3       8E        6       0

TOTAL           Name                               Link     Load   Length     Space
        CLASS   CODE           
                end_init                              0        0        3         0
                cinit                               7EB      7EB       15         0
                text29                              1E8      1E8       63         0
                text28                              E41      E41       13         0
                text27                              F29      F29       41         0
                text26                               D3       D3       57         0
                text25                               92       92       41         0
                text24                              E54      E54       18         0
                text23                              DDD      DDD        B         0
                text22                              E6C      E6C       18         0
                text21                              188      188       60         0
                text20                              E84      E84       1A         0
                text19                              24B      24B       77         0
                text18                              E2F      E2F       12         0
                text17                              DF3      DF3        E         0
                text16                              E9E      E9E       24         0
                text15                              E01      E01        E         0
                text14                              33A      33A       7C         0
                text13                              564      564      13E         0
                text12                              DE8      DE8        B         0
                text11                              6A2      6A2      149         0
                text10                              4CD      4CD       97         0
                text9                               E0F      E0F       10         0
                text8                               E1F      E1F       10         0
                text7                               12A      12A       5E         0
                text6                               EC2      EC2       2A         0
                text5                               EEC      EEC       3D         0
                text4                               437      437       96         0
                text3                               F6A      F6A       4B         0
                text2                               FB5      FB5       4B         0
                text1                               2C2      2C2       78         0
                maintext                            3B6      3B6       81         0
                clrtext                             DD5      DD5        8         0

        CLASS   STRCODE        

        CLASS   STRING         
                strings                               3        3       8E         0

        CLASS   CONST          

        CLASS   ENTRY          

        CLASS   COMMON         
                cstackCOMMON                         70       70        E         1

        CLASS   BANK0          
                cstackBANK0                          61       61        F         1
                bssBANK0                             20       20       41         1

        CLASS   BANK1          
                bssBANK1                             A0       A0       18         1

        CLASS   BANK2          

        CLASS   BANK3          

        CLASS   RAM            

        CLASS   ABS1           
                abs_s1                               7E       7E        2         1

        CLASS   SFR0           

        CLASS   SFR1           

        CLASS   SFR2           

        CLASS   SFR3           

        CLASS   CONFIG         
                config                             2007     2007        1         4

        CLASS   IDLOC          
                idloc                              2000     2000        4         5

        CLASS   EEDATA         

        CLASS   HEAP           

        CLASS   STACK          



SEGMENTS        Name                           Load    Length   Top    Selector   Space  Class     Delta

                reset_vec                      000000  000003  000003         0       0  CODE        2
                strings                        000003  00008E  000091         6       0  STRING      2
                bssBANK0                       000020  000050  000070        20       1  BANK0       1
                cstackCOMMON                   000070  00000E  00007E        70       1  COMMON      1
                bssBANK1                       0000A0  000018  0000B8        A0       1  BANK1       1
                text25                         000092  000041  0000D3       124       0  CODE        2
                text26                         0000D3  000057  00012A       1A6       0  CODE        2
                text7                          00012A  00005E  000188       254       0  CODE        2
                text21                         000188  000060  0001E8       310       0  CODE        2
                text29                         0001E8  000063  00024B       3D0       0  CODE        2
                text19                         00024B  000077  0002C2       496       0  CODE        2
                text1                          0002C2  000078  00033A       584       0  CODE        2
                text14                         00033A  00007C  0003B6       674       0  CODE        2
                maintext                       0003B6  000081  000437       76C       0  CODE        2
                text4                          000437  000096  0004CD       86E       0  CODE        2
                text10                         0004CD  000097  000564       99A       0  CODE        2
                text13                         000564  00013E  0006A2       AC8       0  CODE        2
                text11                         0006A2  000149  0007EB       D44       0  CODE        2
                cinit                          0007EB  000015  000800       FD6       0  CODE        2
                clrtext                        000DD5  000008  000DDD      1BAA       0  CODE        2
                text23                         000DDD  00000B  000DE8      1BBA       0  CODE        2
                text12                         000DE8  00000B  000DF3      1BD0       0  CODE        2
                text17                         000DF3  00000E  000E01      1BE6       0  CODE        2
                text15                         000E01  00000E  000E0F      1C02       0  CODE        2
                text9                          000E0F  000010  000E1F      1C1E       0  CODE        2
                text8                          000E1F  000010  000E2F      1C3E       0  CODE        2
                text18                         000E2F  000012  000E41      1C5E       0  CODE        2
                text28                         000E41  000013  000E54      1C82       0  CODE        2
                text24                         000E54  000018  000E6C      1CA8       0  CODE        2
                text22                         000E6C  000018  000E84      1CD8       0  CODE        2
                text20                         000E84  00001A  000E9E      1D08       0  CODE        2
                text16                         000E9E  000024  000EC2      1D3C       0  CODE        2
                text6                          000EC2  00002A  000EEC      1D84       0  CODE        2
                text5                          000EEC  00003D  000F29      1DD8       0  CODE        2
                text27                         000F29  000041  000F6A      1E52       0  CODE        2
                text3                          000F6A  00004B  000FB5      1ED4       0  CODE        2
                text2                          000FB5  00004B  001000      1F6A       0  CODE        2


UNUSED ADDRESS RANGES

        Name                Unused          Largest block    Delta
        BANK1            00B8-00EF             38           1
        BANK2            0110-016F             60           1
        BANK3            0190-01EF             60           1
        CODE             0091-0091              1           2
                         0800-0DD4            5D5
                         1000-1FFF            800
        CONST            0091-0091              1           2
                         0800-0DD4            100
                         1000-1FFF            100
        EEDATA           2100-21FF            100           2
        ENTRY            0091-0091              1           2
                         0800-0DD4            100
                         1000-1FFF            100
        RAM              00B8-00EF             38           1
                         0110-016F             60
                         0190-01EF             60
        SFR0             0000-001F             20           1
        SFR1             0080-009F             20           1
        SFR2             0100-010F             10           1
        SFR3             0180-018F             10           1
        STRCODE          0091-0091              1           2
                         0800-0DD4            5D5
                         1000-1FFF           1000
        STRING           0091-0091              1           2
                         0800-0DD4            100
                         1000-1FFF            100

                                  Symbol Table

?___awdiv                           cstackCOMMON 0070
?___awmod                           cstackCOMMON 0070
BCD_TO_DEC@dato                     cstackCOMMON 0071
DEC_TO_HEX@dato                     cstackCOMMON 007A
DEC_TO_LCD@dato                     cstackCOMMON 007A
I2C_Cmd@Cfg                         cstackCOMMON 007C
I2C_Cmd@Cmd                         cstackCOMMON 007D
I2C_Cmd@Dir                         cstackBANK0  0062
I2C_Write@CmdW                      cstackCOMMON 007C
I2C_Write@DirW                      cstackBANK0  0062
I2C_Write@DirW2                     cstackCOMMON 007D
Lcd_Write_Char@a                    cstackCOMMON 0072
Lcd_Write_String@a                  cstackCOMMON 0073
Lcd_Write_String@i                  cstackCOMMON 0074
Lcd_cmd@comando                     cstackCOMMON 0072
Lcd_pos_x@POSx                      cstackCOMMON 0072
Lcd_pos_x@a                         cstackCOMMON 0073
Lcd_pos_y@POSy                      cstackCOMMON 0072
Lcd_pos_y@a                         cstackCOMMON 0073
Lcd_print_string@POSx               cstackCOMMON 0076
Lcd_print_string@POSy               cstackCOMMON 0074
Lcd_print_string@String_x           cstackCOMMON 0073
Lcd_print_string@String_y           cstackCOMMON 0075
Lcd_print_string@a                  cstackCOMMON 007B
Lcd_print_string@b                  cstackCOMMON 0077
Lcd_print_string@c                  cstackCOMMON 0079
_ADCON1bits                         (abs)        009F
_AJUSTE_DS1307                      text10       04CD
_BCD_TO_DEC                         text6        0EC2
_CFG_DS1307                         text9        0E0F
_CMCON                              (abs)        009C
_DATO_I2C_16bits                    bssBANK0     005E
_DATO_I2C_8bits                     bssBANK0     005F
_DEC_BCD_RESULTADO                  bssBANK0     0056
_DEC_TO_HEX                         text27       0F29
_DEC_TO_LCD                         text25       0092
_I2C_Check                          text20       0E84
_I2C_Cmd                            text19       024B
_I2C_Initialize                     text8        0E1F
_I2C_P                              text18       0E2F
_I2C_Read_8bits                     text5        0EEC
_I2C_Write                          text4        0437
_INTCONbits                         (abs)        000B
_Lcd_Write_Char                     text23       0DDD
_Lcd_Write_String                   text16       0E9E
_Lcd_cmd                            text12       0DE8
_Lcd_inicio_8bits                   text7        012A
_Lcd_out_cmd                        text22       0E6C
_Lcd_out_data                       text24       0E54
_Lcd_pos_x                          text17       0DF3
_Lcd_pos_y                          text15       0E01
_Lcd_print_string                   text21       0188
_OPTION_REGbits                     (abs)        0081
_PIE1bits                           (abs)        008C
_PIR1bits                           (abs)        000C
_PORTA                              (abs)        0005
_PORTB                              (abs)        0006
_PORTBbits                          (abs)        0006
_PORTC                              (abs)        0007
_PORTD                              (abs)        0008
_PORTE                              (abs)        0009
_PORTEbits                          (abs)        0009
_RCREG                              (abs)        001A
_RCSTAbits                          (abs)        0018
_READ_DS1307                        text1        02C2
_SPBRG                              (abs)        0099
_SSPADD                             (abs)        0093
_SSPBUF                             (abs)        0013
_SSPCON                             (abs)        0014
_SSPCON2                            (abs)        0091
_SSPCON2bits                        (abs)        0091
_SSPSTAT                            (abs)        0094
_SSPSTATbits                        (abs)        0094
_TRISA                              (abs)        0085
_TRISB                              (abs)        0086
_TRISBbits                          (abs)        0086
_TRISC                              (abs)        0087
_TRISC3                             (abs)        043B
_TRISC4                             (abs)        043C
_TRISD                              (abs)        0088
_TRISE                              (abs)        0089
_TXREG                              (abs)        0019
_TXSTAbits                          (abs)        0098
_X                                  bssBANK0     005D
_Y                                  bssBANK0     005C
__H__absolute__                     __absolute__ 0000
__Habs1                             abs1         0000
__Hbank0                            bank0        0000
__Hbank1                            bank1        0000
__Hbank2                            bank2        0000
__Hbank3                            bank3        0000
__HbssBANK0                         bssBANK0     0000
__HbssBANK1                         bssBANK1     0000
__Hcinit                            cinit        0800
__Hclrtext                          clrtext      0000
__Hcode                             code         0000
__Hcommon                           common       0000
__Hconfig                           config       2008
__HcstackBANK0                      cstackBANK0  0000
__HcstackCOMMON                     cstackCOMMON 0000
__Heeprom_data                      eeprom_data  0000
__Hend_init                         end_init     0003
__Hfunctab                          functab      0000
__Hheap                             heap         0000
__Hidloc                            idloc        2004
__Hinit                             init         0000
__Hintentry                         intentry     0000
__Hmaintext                         maintext     0000
__Hpowerup                          powerup      0000
__Hram                              ram          0000
__Hreset_vec                        reset_vec    0000
__Hsfr0                             sfr0         0000
__Hsfr1                             sfr1         0000
__Hsfr2                             sfr2         0000
__Hsfr3                             sfr3         0000
__Hsivt                             sivt         0000
__Hspace_0                          (abs)        1000
__Hspace_1                          (abs)        00B8
__Hspace_2                          (abs)        0000
__Hspace_3                          (abs)        0000
__Hspace_4                          (abs)        400F
__Hstack                            stack        0000
__Hstrings                          strings      0000
__Htext                             text         0000
__L__absolute__                     __absolute__ 0000
__Labs1                             abs1         0000
__Lbank0                            bank0        0000
__Lbank1                            bank1        0000
__Lbank2                            bank2        0000
__Lbank3                            bank3        0000
__LbssBANK0                         bssBANK0     0000
__LbssBANK1                         bssBANK1     0000
__Lcinit                            cinit        07EB
__Lclrtext                          clrtext      0000
__Lcode                             code         0000
__Lcommon                           common       0000
__Lconfig                           config       0000
__LcstackBANK0                      cstackBANK0  0000
__LcstackCOMMON                     cstackCOMMON 0000
__Leeprom_data                      eeprom_data  0000
__Lend_init                         end_init     0000
__Lfunctab                          functab      0000
__Lheap                             heap         0000
__Lidloc                            idloc        0000
__Linit                             init         0000
__Lintentry                         intentry     0000
__Lmaintext                         maintext     0000
__Lpowerup                          powerup      0000
__Lram                              ram          0000
__Lreset_vec                        reset_vec    0000
__Lsfr0                             sfr0         0000
__Lsfr1                             sfr1         0000
__Lsfr2                             sfr2         0000
__Lsfr3                             sfr3         0000
__Lsivt                             sivt         0000
__Lspace_0                          (abs)        0000
__Lspace_1                          (abs)        0000
__Lspace_2                          (abs)        0000
__Lspace_3                          (abs)        0000
__Lspace_4                          (abs)        0000
__Lstack                            stack        0000
__Lstrings                          strings      0000
__Ltext                             text         0000
__S0                                (abs)        1000
__S1                                (abs)        00B8
__S3                                (abs)        0000
___awdiv                            text29       01E8
___awdiv@counter                    cstackCOMMON 0074
___awdiv@dividend                   cstackCOMMON 0072
___awdiv@divisor                    cstackCOMMON 0070
___awdiv@quotient                   cstackCOMMON 0076
___awdiv@sign                       cstackCOMMON 0075
___awmod                            text26       00D3
___awmod@counter                    cstackCOMMON 0074
___awmod@dividend                   cstackCOMMON 0072
___awmod@divisor                    cstackCOMMON 0070
___awmod@sign                       cstackCOMMON 0075
___bmul                             text28       0E41
___bmul@multiplicand                cstackCOMMON 0070
___bmul@multiplier                  cstackCOMMON 0072
___bmul@product                     cstackCOMMON 0071
___heap_hi                          (abs)        0000
___heap_lo                          (abs)        0000
___int_sp                           stack        0000
___int_stack_hi                     stack        0000
___int_stack_lo                     stack        0000
___latbits                          (abs)        0002
___sp                               stack        0000
___stack_hi                         stack        0000
___stack_lo                         stack        0000
___stackhi                          (abs)        0000
___stacklo                          (abs)        0000
__end_of_AJUSTE_DS1307              text10       0564
__end_of_BCD_TO_DEC                 text6        0EEC
__end_of_CFG_DS1307                 text9        0E1F
__end_of_DEC_TO_HEX                 text27       0F6A
__end_of_DEC_TO_LCD                 text25       00D3
__end_of_I2C_Check                  text20       0E9E
__end_of_I2C_Cmd                    text19       02C2
__end_of_I2C_Initialize             text8        0E2F
__end_of_I2C_P                      text18       0E41
__end_of_I2C_Read_8bits             text5        0F29
__end_of_I2C_Write                  text4        04CD
__end_of_Lcd_Write_Char             text23       0DE8
__end_of_Lcd_Write_String           text16       0EC2
__end_of_Lcd_cmd                    text12       0DF3
__end_of_Lcd_inicio_8bits           text7        0188
__end_of_Lcd_out_cmd                text22       0E84
__end_of_Lcd_out_data               text24       0E6C
__end_of_Lcd_pos_x                  text17       0E01
__end_of_Lcd_pos_y                  text15       0E0F
__end_of_Lcd_print_string           text21       01E8
__end_of_READ_DS1307                text1        033A
__end_of___awdiv                    text29       024B
__end_of___awmod                    text26       012A
__end_of___bmul                     text28       0E54
__end_of__initialization            cinit        07FC
__end_of__stringtab                 strings      0009
__end_of_dia_semana                 text14       03B6
__end_of_in_data_DS1307             text13       06A2
__end_of_lectura_tiempo_posX        text3        0FB5
__end_of_lectura_tiempo_posY        text2        1000
__end_of_main                       maintext     0437
__end_of_mov_cursor                 text11       07EB
__initialization                    cinit        07EB
__pbssBANK0                         bssBANK0     0020
__pbssBANK1                         bssBANK1     00A0
__pcstackBANK0                      cstackBANK0  0061
__pcstackCOMMON                     cstackCOMMON 0070
__pmaintext                         maintext     03B6
__pstrings                          strings      0003
__ptext1                            text1        02C2
__ptext10                           text10       04CD
__ptext11                           text11       06A2
__ptext12                           text12       0DE8
__ptext13                           text13       0564
__ptext14                           text14       033A
__ptext15                           text15       0E01
__ptext16                           text16       0E9E
__ptext17                           text17       0DF3
__ptext18                           text18       0E2F
__ptext19                           text19       024B
__ptext2                            text2        0FB5
__ptext20                           text20       0E84
__ptext21                           text21       0188
__ptext22                           text22       0E6C
__ptext23                           text23       0DDD
__ptext24                           text24       0E54
__ptext25                           text25       0092
__ptext26                           text26       00D3
__ptext27                           text27       0F29
__ptext28                           text28       0E41
__ptext29                           text29       01E8
__ptext3                            text3        0F6A
__ptext4                            text4        0437
__ptext5                            text5        0EEC
__ptext6                            text6        0EC2
__ptext7                            text7        012A
__ptext8                            text8        0E1F
__ptext9                            text9        0E0F
__stringbase                        strings      0008
__stringtab                         strings      0003
_centena                            bssBANK0     0042
_dato_ajuste                        bssBANK0     005B
_dato_ajuste_DS1307                 bssBANK0     0059
_dato_ajuste_LCD                    bssBANK0     005A
_decena                             bssBANK0     0044
_decenas                            bssBANK0     0058
_decenasH                           bssBANK0     0055
_decenasH10                         bssBANK0     0060
_dia_semana                         text14       033A
_dosmillar                          bssBANK0     003C
_in_data_DS1307                     text13       0564
_lectura_tiempo_posX                text3        0F6A
_lectura_tiempo_posY                text2        0FB5
_main                               maintext     03B6
_millar                             bssBANK0     0040
_mov_cursor                         text11       06A2
_unidad                             bssBANK0     0046
_unidades                           bssBANK0     0057
_unidadesH                          bssBANK0     0054
_unmillar                           bssBANK0     003E
_variableC                          bssBANK0     004E
_variableD                          bssBANK0     0050
_variableDM                         bssBANK0     0048
_variableM                          bssBANK0     004C
_variableU                          bssBANK0     0052
_variableUM                         bssBANK0     004A
btemp                               (abs)        007E
clear_ram0                          clrtext      0DD5
dia_semana@dato_s                   cstackCOMMON 0076
end_of_initialization               cinit        07FC
in_data_DS1307@X_Y                  cstackBANK0  0063
in_data_DS1307@limite               cstackBANK0  0068
in_data_DS1307@pos_X_Y              cstackBANK0  0064
in_data_DS1307@pos_X_Y_n_dec        cstackBANK0  0066
in_data_DS1307@pos_X_Y_n_uni        cstackBANK0  0065
in_data_DS1307@registro_variable    cstackBANK0  0067
in_data_DS1307@variable_ajust       cstackBANK0  006C
intlevel0                           functab      0000
intlevel1                           functab      0000
intlevel2                           functab      0000
intlevel3                           functab      0000
intlevel4                           functab      0000
intlevel5                           functab      0000
lectura_tiempo_posX@caracter        cstackBANK0  0066
lectura_tiempo_posX@pos_D3          cstackBANK0  0065
lectura_tiempo_posX@pos_dec         cstackBANK0  0064
lectura_tiempo_posX@pos_uni         cstackBANK0  0063
lectura_tiempo_posX@registro_DS1307 cstackBANK0  0067
lectura_tiempo_posY@caracter        cstackBANK0  0066
lectura_tiempo_posY@pos_D3          cstackBANK0  0065
lectura_tiempo_posY@pos_dec         cstackBANK0  0064
lectura_tiempo_posY@pos_uni         cstackBANK0  0063
lectura_tiempo_posY@registro_DS1307 cstackBANK0  0067
reset_vec                           reset_vec    0000
start                               init         0000
start_initialization                cinit        07EB
wtemp0                              (abs)        007E


MODULE INFORMATION

Module		Function		Class		Link	Load	Size
E:\Microchip\xc8\v2.50\pic\sources\c99\common\Umul8.c
		___bmul        		CODE           	0E41	0000	19

E:\Microchip\xc8\v2.50\pic\sources\c99\common\Umul8.c estimated size: 19

E:\Microchip\xc8\v2.50\pic\sources\c99\common\awdiv.c
		___awdiv       		CODE           	01E8	0000	99

E:\Microchip\xc8\v2.50\pic\sources\c99\common\awdiv.c estimated size: 99

I2C.c
		_I2C_Write     		CODE           	0437	0000	150
		_I2C_P         		CODE           	0E2F	0000	18
		_I2C_Check     		CODE           	0E84	0000	26
		_I2C_Cmd       		CODE           	024B	0000	119
		_I2C_Read_8bits		CODE           	0EEC	0000	61
		_I2C_Initialize		CODE           	0E1F	0000	16

I2C.c estimated size: 390

shared
		__stringtab    		STRING         	0003	0000	6
		__initialization		CODE           	07EB	0000	17

shared estimated size: 23

DS1307.c
		_dia_semana    		CODE           	033A	0000	124
		_lectura_tiempo_posX		CODE           	0F6A	0000	75
		_lectura_tiempo_posY		CODE           	0FB5	0000	75
		_CFG_DS1307    		CODE           	0E0F	0000	16
		_mov_cursor    		CODE           	06A2	0000	329
		_in_data_DS1307		CODE           	0564	0000	318
		_AJUSTE_DS1307 		CODE           	04CD	0000	151
		_READ_DS1307   		CODE           	02C2	0000	120

DS1307.c estimated size: 1208

BCD_CONVER.c
		_BCD_TO_DEC    		CODE           	0EC2	0000	42
		_DEC_TO_LCD    		CODE           	0092	0000	65
		_DEC_TO_HEX    		CODE           	0F29	0000	65

BCD_CONVER.c estimated size: 172

E:\Microchip\xc8\v2.50\pic\sources\c99\common\awmod.c
		___awmod       		CODE           	00D3	0000	87

E:\Microchip\xc8\v2.50\pic\sources\c99\common\awmod.c estimated size: 87

RELOJ_LCD_MAIN.c
		_main          		CODE           	03B6	0000	129

RELOJ_LCD_MAIN.c estimated size: 129

LCD.c
		_Lcd_Write_String		CODE           	0E9E	0000	36
		_Lcd_pos_x     		CODE           	0DF3	0000	14
		_Lcd_pos_y     		CODE           	0E01	0000	14
		_Lcd_Write_Char		CODE           	0DDD	0000	11
		_Lcd_print_string		CODE           	0188	0000	96
		_Lcd_out_cmd   		CODE           	0E6C	0000	24
		_Lcd_out_data  		CODE           	0E54	0000	24
		_Lcd_cmd       		CODE           	0DE8	0000	11
		_Lcd_inicio_8bits		CODE           	012A	0000	94

LCD.c estimated size: 324

